Copyright 1986-2021 Xilinx, Inc. All Rights Reserved.
--------------------------------------------------------------------------------------------------------------------------------------
| Tool Version : Vivado v.2021.1 (win64) Build 3247384 Thu Jun 10 19:36:33 MDT 2021
| Date         : Thu Oct  1 21:42:47 2026
| Host         : Vineet running 64-bit major release  (build 9200)
| Command      : report_timing -file E:/hw-projects/axis-crossbar-switch/syn/reports/vivado_n4_voq0_d4/critical_path.rpt -max_paths 1
| Design       : xb_switch
| Device       : 7a100t-csg324
| Speed File   : -1  PRODUCTION 1.23 2018-06-13
--------------------------------------------------------------------------------------------------------------------------------------

Timing Report

Slack (VIOLATED) :        -6.957ns  (required time - arrival time)
  Source:                 g_in[2].g_fifo.u_q/rp_reg[1]/C
                            (rising edge-triggered cell FDCE clocked by clk  {rise@0.000ns fall@2.000ns period=4.000ns})
  Destination:            g_in[2].g_fifo.u_q/rp_reg[2]/CE
                            (rising edge-triggered cell FDCE clocked by clk  {rise@0.000ns fall@2.000ns period=4.000ns})
  Path Group:             clk
  Path Type:              Setup (Max at Slow Process Corner)
  Requirement:            4.000ns  (clk rise@4.000ns - clk rise@0.000ns)
  Data Path Delay:        10.668ns  (logic 2.249ns (21.083%)  route 8.419ns (78.917%))
  Logic Levels:           11  (LUT4=1 LUT5=2 LUT6=7 RAMD32=1)
  Clock Path Skew:        -0.049ns (DCD - SCD + CPR)
    Destination Clock Delay (DCD):    0.924ns = ( 4.924 - 4.000 ) 
    Source Clock Delay      (SCD):    0.973ns
    Clock Pessimism Removal (CPR):    0.000ns
  Clock Uncertainty:      0.035ns  ((TSJ^2 + TIJ^2)^1/2 + DJ) / 2 + PE
    Total System Jitter     (TSJ):    0.071ns
    Total Input Jitter      (TIJ):    0.000ns
    Discrete Jitter          (DJ):    0.000ns
    Phase Error              (PE):    0.000ns

    Location             Delay type                Incr(ns)  Path(ns)    Netlist Resource(s)
  -------------------------------------------------------------------    -------------------
                         (clock clk rise edge)        0.000     0.000 r  
                                                      0.000     0.000 r  clk (IN)
                         net (fo=395, unset)          0.973     0.973    g_in[2].g_fifo.u_q/clk
    SLICE_X38Y68         FDCE                                         r  g_in[2].g_fifo.u_q/rp_reg[1]/C
  -------------------------------------------------------------------    -------------------
    SLICE_X38Y68         FDCE (Prop_fdce_C_Q)         0.478     1.451 r  g_in[2].g_fifo.u_q/rp_reg[1]/Q
                         net (fo=41, routed)          0.856     2.307    g_in[2].g_fifo.u_q/mem_reg_0_15_30_34/ADDRC1
    SLICE_X38Y69         RAMD32 (Prop_ramd32_RADR1_O)
                                                      0.324     2.631 f  g_in[2].g_fifo.u_q/mem_reg_0_15_30_34/RAMC/O
                         net (fo=10, routed)          0.732     3.363    g_in[2].g_fifo.u_q/g_in[2].g_fifo.h_dest[1]
    SLICE_X38Y68         LUT6 (Prop_lut6_I4_O)        0.331     3.694 f  g_in[2].g_fifo.u_q/m_tvalid[2]_INST_0_i_3/O
                         net (fo=4, routed)           0.749     4.443    g_in[2].g_fifo.u_q/m_tvalid[2]_INST_0_i_3_n_0
    SLICE_X43Y69         LUT5 (Prop_lut5_I1_O)        0.124     4.567 r  g_in[2].g_fifo.u_q/m_tid[5]_INST_0_i_40/O
                         net (fo=1, routed)           0.805     5.372    g_in[2].g_fifo.u_q/m_tid[5]_INST_0_i_40_n_0
    SLICE_X41Y69         LUT6 (Prop_lut6_I3_O)        0.124     5.496 r  g_in[2].g_fifo.u_q/m_tid[5]_INST_0_i_23/O
                         net (fo=48, routed)          0.860     6.356    g_in[2].g_fifo.u_q/m_tid[5]_INST_0_i_23_n_0
    SLICE_X44Y68         LUT6 (Prop_lut6_I4_O)        0.124     6.480 f  g_in[2].g_fifo.u_q/m_tid[5]_INST_0_i_29/O
                         net (fo=2, routed)           0.739     7.219    g_in[2].g_fifo.u_q/m_tid[5]_INST_0_i_29_n_0
    SLICE_X42Y69         LUT6 (Prop_lut6_I3_O)        0.124     7.343 r  g_in[2].g_fifo.u_q/m_tid[5]_INST_0_i_15/O
                         net (fo=3, routed)           0.702     8.045    g_in[2].g_fifo.u_q/m_tid[5]_INST_0_i_15_n_0
    SLICE_X42Y69         LUT5 (Prop_lut5_I0_O)        0.124     8.169 f  g_in[2].g_fifo.u_q/m_tid[5]_INST_0_i_5/O
                         net (fo=1, routed)           0.411     8.579    g_in[2].g_fifo.u_q/m_tid[5]_INST_0_i_5_n_0
    SLICE_X41Y70         LUT6 (Prop_lut6_I4_O)        0.124     8.703 r  g_in[2].g_fifo.u_q/m_tid[5]_INST_0/O
                         net (fo=54, routed)          0.472     9.175    g_in[2].g_fifo.u_q/cfg_dwrr[2]
    SLICE_X41Y71         LUT6 (Prop_lut6_I3_O)        0.124     9.299 f  g_in[2].g_fifo.u_q/out_busy[2]_i_2/O
                         net (fo=6, routed)           0.810    10.109    g_in[2].g_fifo.u_q/out_busy[2]_i_2_n_0
    SLICE_X39Y70         LUT4 (Prop_lut4_I2_O)        0.124    10.233 r  g_in[2].g_fifo.u_q/rp[4]_i_4/O
                         net (fo=1, routed)           0.948    11.181    g_in[0].g_fifo.u_q/rp_reg[0]_0
    SLICE_X37Y69         LUT6 (Prop_lut6_I1_O)        0.124    11.305 r  g_in[0].g_fifo.u_q/rp[4]_i_1__1/O
                         net (fo=5, routed)           0.336    11.641    g_in[2].g_fifo.u_q/rp_reg[0]_0
    SLICE_X35Y69         FDCE                                         r  g_in[2].g_fifo.u_q/rp_reg[2]/CE
  -------------------------------------------------------------------    -------------------

                         (clock clk rise edge)        4.000     4.000 r  
                                                      0.000     4.000 r  clk (IN)
                         net (fo=395, unset)          0.924     4.924    g_in[2].g_fifo.u_q/clk
    SLICE_X35Y69         FDCE                                         r  g_in[2].g_fifo.u_q/rp_reg[2]/C
                         clock pessimism              0.000     4.924    
                         clock uncertainty           -0.035     4.889    
    SLICE_X35Y69         FDCE (Setup_fdce_C_CE)      -0.205     4.684    g_in[2].g_fifo.u_q/rp_reg[2]
  -------------------------------------------------------------------
                         required time                          4.684    
                         arrival time                         -11.641    
  -------------------------------------------------------------------
                         slack                                 -6.957    




