Copyright 1986-2021 Xilinx, Inc. All Rights Reserved.
---------------------------------------------------------------------------------------------------------------------------------------
| Tool Version : Vivado v.2021.1 (win64) Build 3247384 Thu Jun 10 19:36:33 MDT 2021
| Date         : Thu Oct  1 21:42:47 2026
| Host         : Vineet running 64-bit major release  (build 9200)
| Command      : report_timing_summary -file E:/hw-projects/axis-crossbar-switch/syn/reports/vivado_n4_voq0_d4/timing.rpt -max_paths 5
| Design       : xb_switch
| Device       : 7a100t-csg324
| Speed File   : -1  PRODUCTION 1.23 2018-06-13
---------------------------------------------------------------------------------------------------------------------------------------

Timing Summary Report

------------------------------------------------------------------------------------------------
| Timer Settings
| --------------
------------------------------------------------------------------------------------------------

  Enable Multi Corner Analysis               :  Yes
  Enable Pessimism Removal                   :  Yes
  Pessimism Removal Resolution               :  Nearest Common Node
  Enable Input Delay Default Clock           :  No
  Enable Preset / Clear Arcs                 :  No
  Disable Flight Delays                      :  No
  Ignore I/O Paths                           :  No
  Timing Early Launch at Borrowing Latches   :  No
  Borrow Time for Max Delay Exceptions       :  Yes
  Merge Timing Exceptions                    :  Yes

  Corner  Analyze    Analyze    
  Name    Max Paths  Min Paths  
  ------  ---------  ---------  
  Slow    Yes        Yes        
  Fast    Yes        Yes        


------------------------------------------------------------------------------------------------
| Report Methodology
| ------------------
------------------------------------------------------------------------------------------------

No report available as report_methodology has not been run prior. Run report_methodology on the current design for the summary of methodology violations.



check_timing report

Table of Contents
-----------------
1. checking no_clock (0)
2. checking constant_clock (0)
3. checking pulse_width_clock (0)
4. checking unconstrained_internal_endpoints (0)
5. checking no_input_delay (169)
6. checking no_output_delay (148)
7. checking multiple_clock (0)
8. checking generated_clocks (0)
9. checking loops (0)
10. checking partial_input_delay (0)
11. checking partial_output_delay (0)
12. checking latch_loops (0)

1. checking no_clock (0)
------------------------
 There are 0 register/latch pins with no clock.


2. checking constant_clock (0)
------------------------------
 There are 0 register/latch pins with constant_clock.


3. checking pulse_width_clock (0)
---------------------------------
 There are 0 register/latch pins which need pulse_width check


4. checking unconstrained_internal_endpoints (0)
------------------------------------------------
 There are 0 pins that are not constrained for maximum delay.

 There are 0 pins that are not constrained for maximum delay due to constant clock.


5. checking no_input_delay (169)
--------------------------------
 There are 169 input ports with no input delay specified. (HIGH)

 There are 0 input ports with no input delay but user has a false path constraint.


6. checking no_output_delay (148)
---------------------------------
 There are 148 ports with no output delay specified. (HIGH)

 There are 0 ports with no output delay but user has a false path constraint

 There are 0 ports with no output delay but with a timing clock defined on it or propagating through it


7. checking multiple_clock (0)
------------------------------
 There are 0 register/latch pins with multiple clocks.


8. checking generated_clocks (0)
--------------------------------
 There are 0 generated clocks that are not connected to a clock source.


9. checking loops (0)
---------------------
 There are 0 combinational loops in the design.


10. checking partial_input_delay (0)
------------------------------------
 There are 0 input ports with partial input delay specified.


11. checking partial_output_delay (0)
-------------------------------------
 There are 0 ports with partial output delay specified.


12. checking latch_loops (0)
----------------------------
 There are 0 combinational latch loops in the design through latch input



------------------------------------------------------------------------------------------------
| Design Timing Summary
| ---------------------
------------------------------------------------------------------------------------------------

    WNS(ns)      TNS(ns)  TNS Failing Endpoints  TNS Total Endpoints      WHS(ns)      THS(ns)  THS Failing Endpoints  THS Total Endpoints     WPWS(ns)     TPWS(ns)  TPWS Failing Endpoints  TPWS Total Endpoints  
    -------      -------  ---------------------  -------------------      -------      -------  ---------------------  -------------------     --------     --------  ----------------------  --------------------  
     -6.957     -759.062                    341                 1220        0.089        0.000                      0                 1220        0.750        0.000                       0                   396  


Timing constraints are not met.


------------------------------------------------------------------------------------------------
| Clock Summary
| -------------
------------------------------------------------------------------------------------------------

Clock  Waveform(ns)         Period(ns)      Frequency(MHz)
-----  ------------         ----------      --------------
clk    {0.000 2.000}        4.000           250.000         


------------------------------------------------------------------------------------------------
| Intra Clock Table
| -----------------
------------------------------------------------------------------------------------------------

Clock             WNS(ns)      TNS(ns)  TNS Failing Endpoints  TNS Total Endpoints      WHS(ns)      THS(ns)  THS Failing Endpoints  THS Total Endpoints     WPWS(ns)     TPWS(ns)  TPWS Failing Endpoints  TPWS Total Endpoints  
-----             -------      -------  ---------------------  -------------------      -------      -------  ---------------------  -------------------     --------     --------  ----------------------  --------------------  
clk                -6.957     -759.062                    341                 1220        0.089        0.000                      0                 1220        0.750        0.000                       0                   396  


------------------------------------------------------------------------------------------------
| Inter Clock Table
| -----------------
------------------------------------------------------------------------------------------------

From Clock    To Clock          WNS(ns)      TNS(ns)  TNS Failing Endpoints  TNS Total Endpoints      WHS(ns)      THS(ns)  THS Failing Endpoints  THS Total Endpoints  
----------    --------          -------      -------  ---------------------  -------------------      -------      -------  ---------------------  -------------------  


------------------------------------------------------------------------------------------------
| Other Path Groups Table
| -----------------------
------------------------------------------------------------------------------------------------

Path Group    From Clock    To Clock          WNS(ns)      TNS(ns)  TNS Failing Endpoints  TNS Total Endpoints      WHS(ns)      THS(ns)  THS Failing Endpoints  THS Total Endpoints  
----------    ----------    --------          -------      -------  ---------------------  -------------------      -------      -------  ---------------------  -------------------  


------------------------------------------------------------------------------------------------
| Timing Details
| --------------
------------------------------------------------------------------------------------------------


---------------------------------------------------------------------------------------------------
From Clock:  clk
  To Clock:  clk

Setup :          341  Failing Endpoints,  Worst Slack       -6.957ns,  Total Violation     -759.062ns
Hold  :            0  Failing Endpoints,  Worst Slack        0.089ns,  Total Violation        0.000ns
PW    :            0  Failing Endpoints,  Worst Slack        0.750ns,  Total Violation        0.000ns
---------------------------------------------------------------------------------------------------


Max Delay Paths
--------------------------------------------------------------------------------------
Slack (VIOLATED) :        -6.957ns  (required time - arrival time)
  Source:                 g_in[2].g_fifo.u_q/rp_reg[1]/C
                            (rising edge-triggered cell FDCE clocked by clk  {rise@0.000ns fall@2.000ns period=4.000ns})
  Destination:            g_in[2].g_fifo.u_q/rp_reg[2]/CE
                            (rising edge-triggered cell FDCE clocked by clk  {rise@0.000ns fall@2.000ns period=4.000ns})
  Path Group:             clk
  Path Type:              Setup (Max at Slow Process Corner)
  Requirement:            4.000ns  (clk rise@4.000ns - clk rise@0.000ns)
  Data Path Delay:        10.668ns  (logic 2.249ns (21.083%)  route 8.419ns (78.917%))
  Logic Levels:           11  (LUT4=1 LUT5=2 LUT6=7 RAMD32=1)
  Clock Path Skew:        -0.049ns (DCD - SCD + CPR)
    Destination Clock Delay (DCD):    0.924ns = ( 4.924 - 4.000 ) 
    Source Clock Delay      (SCD):    0.973ns
    Clock Pessimism Removal (CPR):    0.000ns
  Clock Uncertainty:      0.035ns  ((TSJ^2 + TIJ^2)^1/2 + DJ) / 2 + PE
    Total System Jitter     (TSJ):    0.071ns
    Total Input Jitter      (TIJ):    0.000ns
    Discrete Jitter          (DJ):    0.000ns
    Phase Error              (PE):    0.000ns

    Location             Delay type                Incr(ns)  Path(ns)    Netlist Resource(s)
  -------------------------------------------------------------------    -------------------
                         (clock clk rise edge)        0.000     0.000 r  
                                                      0.000     0.000 r  clk (IN)
                         net (fo=395, unset)          0.973     0.973    g_in[2].g_fifo.u_q/clk
    SLICE_X38Y68         FDCE                                         r  g_in[2].g_fifo.u_q/rp_reg[1]/C
  -------------------------------------------------------------------    -------------------
    SLICE_X38Y68         FDCE (Prop_fdce_C_Q)         0.478     1.451 r  g_in[2].g_fifo.u_q/rp_reg[1]/Q
                         net (fo=41, routed)          0.856     2.307    g_in[2].g_fifo.u_q/mem_reg_0_15_30_34/ADDRC1
    SLICE_X38Y69         RAMD32 (Prop_ramd32_RADR1_O)
                                                      0.324     2.631 f  g_in[2].g_fifo.u_q/mem_reg_0_15_30_34/RAMC/O
                         net (fo=10, routed)          0.732     3.363    g_in[2].g_fifo.u_q/g_in[2].g_fifo.h_dest[1]
    SLICE_X38Y68         LUT6 (Prop_lut6_I4_O)        0.331     3.694 f  g_in[2].g_fifo.u_q/m_tvalid[2]_INST_0_i_3/O
                         net (fo=4, routed)           0.749     4.443    g_in[2].g_fifo.u_q/m_tvalid[2]_INST_0_i_3_n_0
    SLICE_X43Y69         LUT5 (Prop_lut5_I1_O)        0.124     4.567 r  g_in[2].g_fifo.u_q/m_tid[5]_INST_0_i_40/O
                         net (fo=1, routed)           0.805     5.372    g_in[2].g_fifo.u_q/m_tid[5]_INST_0_i_40_n_0
    SLICE_X41Y69         LUT6 (Prop_lut6_I3_O)        0.124     5.496 r  g_in[2].g_fifo.u_q/m_tid[5]_INST_0_i_23/O
                         net (fo=48, routed)          0.860     6.356    g_in[2].g_fifo.u_q/m_tid[5]_INST_0_i_23_n_0
    SLICE_X44Y68         LUT6 (Prop_lut6_I4_O)        0.124     6.480 f  g_in[2].g_fifo.u_q/m_tid[5]_INST_0_i_29/O
                         net (fo=2, routed)           0.739     7.219    g_in[2].g_fifo.u_q/m_tid[5]_INST_0_i_29_n_0
    SLICE_X42Y69         LUT6 (Prop_lut6_I3_O)        0.124     7.343 r  g_in[2].g_fifo.u_q/m_tid[5]_INST_0_i_15/O
                         net (fo=3, routed)           0.702     8.045    g_in[2].g_fifo.u_q/m_tid[5]_INST_0_i_15_n_0
    SLICE_X42Y69         LUT5 (Prop_lut5_I0_O)        0.124     8.169 f  g_in[2].g_fifo.u_q/m_tid[5]_INST_0_i_5/O
                         net (fo=1, routed)           0.411     8.579    g_in[2].g_fifo.u_q/m_tid[5]_INST_0_i_5_n_0
    SLICE_X41Y70         LUT6 (Prop_lut6_I4_O)        0.124     8.703 r  g_in[2].g_fifo.u_q/m_tid[5]_INST_0/O
                         net (fo=54, routed)          0.472     9.175    g_in[2].g_fifo.u_q/cfg_dwrr[2]
    SLICE_X41Y71         LUT6 (Prop_lut6_I3_O)        0.124     9.299 f  g_in[2].g_fifo.u_q/out_busy[2]_i_2/O
                         net (fo=6, routed)           0.810    10.109    g_in[2].g_fifo.u_q/out_busy[2]_i_2_n_0
    SLICE_X39Y70         LUT4 (Prop_lut4_I2_O)        0.124    10.233 r  g_in[2].g_fifo.u_q/rp[4]_i_4/O
                         net (fo=1, routed)           0.948    11.181    g_in[0].g_fifo.u_q/rp_reg[0]_0
    SLICE_X37Y69         LUT6 (Prop_lut6_I1_O)        0.124    11.305 r  g_in[0].g_fifo.u_q/rp[4]_i_1__1/O
                         net (fo=5, routed)           0.336    11.641    g_in[2].g_fifo.u_q/rp_reg[0]_0
    SLICE_X35Y69         FDCE                                         r  g_in[2].g_fifo.u_q/rp_reg[2]/CE
  -------------------------------------------------------------------    -------------------

                         (clock clk rise edge)        4.000     4.000 r  
                                                      0.000     4.000 r  clk (IN)
                         net (fo=395, unset)          0.924     4.924    g_in[2].g_fifo.u_q/clk
    SLICE_X35Y69         FDCE                                         r  g_in[2].g_fifo.u_q/rp_reg[2]/C
                         clock pessimism              0.000     4.924    
                         clock uncertainty           -0.035     4.889    
    SLICE_X35Y69         FDCE (Setup_fdce_C_CE)      -0.205     4.684    g_in[2].g_fifo.u_q/rp_reg[2]
  -------------------------------------------------------------------
                         required time                          4.684    
                         arrival time                         -11.641    
  -------------------------------------------------------------------
                         slack                                 -6.957    

Slack (VIOLATED) :        -6.957ns  (required time - arrival time)
  Source:                 g_in[2].g_fifo.u_q/rp_reg[1]/C
                            (rising edge-triggered cell FDCE clocked by clk  {rise@0.000ns fall@2.000ns period=4.000ns})
  Destination:            g_in[2].g_fifo.u_q/rp_reg[3]/CE
                            (rising edge-triggered cell FDCE clocked by clk  {rise@0.000ns fall@2.000ns period=4.000ns})
  Path Group:             clk
  Path Type:              Setup (Max at Slow Process Corner)
  Requirement:            4.000ns  (clk rise@4.000ns - clk rise@0.000ns)
  Data Path Delay:        10.668ns  (logic 2.249ns (21.083%)  route 8.419ns (78.917%))
  Logic Levels:           11  (LUT4=1 LUT5=2 LUT6=7 RAMD32=1)
  Clock Path Skew:        -0.049ns (DCD - SCD + CPR)
    Destination Clock Delay (DCD):    0.924ns = ( 4.924 - 4.000 ) 
    Source Clock Delay      (SCD):    0.973ns
    Clock Pessimism Removal (CPR):    0.000ns
  Clock Uncertainty:      0.035ns  ((TSJ^2 + TIJ^2)^1/2 + DJ) / 2 + PE
    Total System Jitter     (TSJ):    0.071ns
    Total Input Jitter      (TIJ):    0.000ns
    Discrete Jitter          (DJ):    0.000ns
    Phase Error              (PE):    0.000ns

    Location             Delay type                Incr(ns)  Path(ns)    Netlist Resource(s)
  -------------------------------------------------------------------    -------------------
                         (clock clk rise edge)        0.000     0.000 r  
                                                      0.000     0.000 r  clk (IN)
                         net (fo=395, unset)          0.973     0.973    g_in[2].g_fifo.u_q/clk
    SLICE_X38Y68         FDCE                                         r  g_in[2].g_fifo.u_q/rp_reg[1]/C
  -------------------------------------------------------------------    -------------------
    SLICE_X38Y68         FDCE (Prop_fdce_C_Q)         0.478     1.451 r  g_in[2].g_fifo.u_q/rp_reg[1]/Q
                         net (fo=41, routed)          0.856     2.307    g_in[2].g_fifo.u_q/mem_reg_0_15_30_34/ADDRC1
    SLICE_X38Y69         RAMD32 (Prop_ramd32_RADR1_O)
                                                      0.324     2.631 f  g_in[2].g_fifo.u_q/mem_reg_0_15_30_34/RAMC/O
                         net (fo=10, routed)          0.732     3.363    g_in[2].g_fifo.u_q/g_in[2].g_fifo.h_dest[1]
    SLICE_X38Y68         LUT6 (Prop_lut6_I4_O)        0.331     3.694 f  g_in[2].g_fifo.u_q/m_tvalid[2]_INST_0_i_3/O
                         net (fo=4, routed)           0.749     4.443    g_in[2].g_fifo.u_q/m_tvalid[2]_INST_0_i_3_n_0
    SLICE_X43Y69         LUT5 (Prop_lut5_I1_O)        0.124     4.567 r  g_in[2].g_fifo.u_q/m_tid[5]_INST_0_i_40/O
                         net (fo=1, routed)           0.805     5.372    g_in[2].g_fifo.u_q/m_tid[5]_INST_0_i_40_n_0
    SLICE_X41Y69         LUT6 (Prop_lut6_I3_O)        0.124     5.496 r  g_in[2].g_fifo.u_q/m_tid[5]_INST_0_i_23/O
                         net (fo=48, routed)          0.860     6.356    g_in[2].g_fifo.u_q/m_tid[5]_INST_0_i_23_n_0
    SLICE_X44Y68         LUT6 (Prop_lut6_I4_O)        0.124     6.480 f  g_in[2].g_fifo.u_q/m_tid[5]_INST_0_i_29/O
                         net (fo=2, routed)           0.739     7.219    g_in[2].g_fifo.u_q/m_tid[5]_INST_0_i_29_n_0
    SLICE_X42Y69         LUT6 (Prop_lut6_I3_O)        0.124     7.343 r  g_in[2].g_fifo.u_q/m_tid[5]_INST_0_i_15/O
                         net (fo=3, routed)           0.702     8.045    g_in[2].g_fifo.u_q/m_tid[5]_INST_0_i_15_n_0
    SLICE_X42Y69         LUT5 (Prop_lut5_I0_O)        0.124     8.169 f  g_in[2].g_fifo.u_q/m_tid[5]_INST_0_i_5/O
                         net (fo=1, routed)           0.411     8.579    g_in[2].g_fifo.u_q/m_tid[5]_INST_0_i_5_n_0
    SLICE_X41Y70         LUT6 (Prop_lut6_I4_O)        0.124     8.703 r  g_in[2].g_fifo.u_q/m_tid[5]_INST_0/O
                         net (fo=54, routed)          0.472     9.175    g_in[2].g_fifo.u_q/cfg_dwrr[2]
    SLICE_X41Y71         LUT6 (Prop_lut6_I3_O)        0.124     9.299 f  g_in[2].g_fifo.u_q/out_busy[2]_i_2/O
                         net (fo=6, routed)           0.810    10.109    g_in[2].g_fifo.u_q/out_busy[2]_i_2_n_0
    SLICE_X39Y70         LUT4 (Prop_lut4_I2_O)        0.124    10.233 r  g_in[2].g_fifo.u_q/rp[4]_i_4/O
                         net (fo=1, routed)           0.948    11.181    g_in[0].g_fifo.u_q/rp_reg[0]_0
    SLICE_X37Y69         LUT6 (Prop_lut6_I1_O)        0.124    11.305 r  g_in[0].g_fifo.u_q/rp[4]_i_1__1/O
                         net (fo=5, routed)           0.336    11.641    g_in[2].g_fifo.u_q/rp_reg[0]_0
    SLICE_X35Y69         FDCE                                         r  g_in[2].g_fifo.u_q/rp_reg[3]/CE
  -------------------------------------------------------------------    -------------------

                         (clock clk rise edge)        4.000     4.000 r  
                                                      0.000     4.000 r  clk (IN)
                         net (fo=395, unset)          0.924     4.924    g_in[2].g_fifo.u_q/clk
    SLICE_X35Y69         FDCE                                         r  g_in[2].g_fifo.u_q/rp_reg[3]/C
                         clock pessimism              0.000     4.924    
                         clock uncertainty           -0.035     4.889    
    SLICE_X35Y69         FDCE (Setup_fdce_C_CE)      -0.205     4.684    g_in[2].g_fifo.u_q/rp_reg[3]
  -------------------------------------------------------------------
                         required time                          4.684    
                         arrival time                         -11.641    
  -------------------------------------------------------------------
                         slack                                 -6.957    

Slack (VIOLATED) :        -6.957ns  (required time - arrival time)
  Source:                 g_in[2].g_fifo.u_q/rp_reg[1]/C
                            (rising edge-triggered cell FDCE clocked by clk  {rise@0.000ns fall@2.000ns period=4.000ns})
  Destination:            g_in[2].g_fifo.u_q/rp_reg[4]/CE
                            (rising edge-triggered cell FDCE clocked by clk  {rise@0.000ns fall@2.000ns period=4.000ns})
  Path Group:             clk
  Path Type:              Setup (Max at Slow Process Corner)
  Requirement:            4.000ns  (clk rise@4.000ns - clk rise@0.000ns)
  Data Path Delay:        10.668ns  (logic 2.249ns (21.083%)  route 8.419ns (78.917%))
  Logic Levels:           11  (LUT4=1 LUT5=2 LUT6=7 RAMD32=1)
  Clock Path Skew:        -0.049ns (DCD - SCD + CPR)
    Destination Clock Delay (DCD):    0.924ns = ( 4.924 - 4.000 ) 
    Source Clock Delay      (SCD):    0.973ns
    Clock Pessimism Removal (CPR):    0.000ns
  Clock Uncertainty:      0.035ns  ((TSJ^2 + TIJ^2)^1/2 + DJ) / 2 + PE
    Total System Jitter     (TSJ):    0.071ns
    Total Input Jitter      (TIJ):    0.000ns
    Discrete Jitter          (DJ):    0.000ns
    Phase Error              (PE):    0.000ns

    Location             Delay type                Incr(ns)  Path(ns)    Netlist Resource(s)
  -------------------------------------------------------------------    -------------------
                         (clock clk rise edge)        0.000     0.000 r  
                                                      0.000     0.000 r  clk (IN)
                         net (fo=395, unset)          0.973     0.973    g_in[2].g_fifo.u_q/clk
    SLICE_X38Y68         FDCE                                         r  g_in[2].g_fifo.u_q/rp_reg[1]/C
  -------------------------------------------------------------------    -------------------
    SLICE_X38Y68         FDCE (Prop_fdce_C_Q)         0.478     1.451 r  g_in[2].g_fifo.u_q/rp_reg[1]/Q
                         net (fo=41, routed)          0.856     2.307    g_in[2].g_fifo.u_q/mem_reg_0_15_30_34/ADDRC1
    SLICE_X38Y69         RAMD32 (Prop_ramd32_RADR1_O)
                                                      0.324     2.631 f  g_in[2].g_fifo.u_q/mem_reg_0_15_30_34/RAMC/O
                         net (fo=10, routed)          0.732     3.363    g_in[2].g_fifo.u_q/g_in[2].g_fifo.h_dest[1]
    SLICE_X38Y68         LUT6 (Prop_lut6_I4_O)        0.331     3.694 f  g_in[2].g_fifo.u_q/m_tvalid[2]_INST_0_i_3/O
                         net (fo=4, routed)           0.749     4.443    g_in[2].g_fifo.u_q/m_tvalid[2]_INST_0_i_3_n_0
    SLICE_X43Y69         LUT5 (Prop_lut5_I1_O)        0.124     4.567 r  g_in[2].g_fifo.u_q/m_tid[5]_INST_0_i_40/O
                         net (fo=1, routed)           0.805     5.372    g_in[2].g_fifo.u_q/m_tid[5]_INST_0_i_40_n_0
    SLICE_X41Y69         LUT6 (Prop_lut6_I3_O)        0.124     5.496 r  g_in[2].g_fifo.u_q/m_tid[5]_INST_0_i_23/O
                         net (fo=48, routed)          0.860     6.356    g_in[2].g_fifo.u_q/m_tid[5]_INST_0_i_23_n_0
    SLICE_X44Y68         LUT6 (Prop_lut6_I4_O)        0.124     6.480 f  g_in[2].g_fifo.u_q/m_tid[5]_INST_0_i_29/O
                         net (fo=2, routed)           0.739     7.219    g_in[2].g_fifo.u_q/m_tid[5]_INST_0_i_29_n_0
    SLICE_X42Y69         LUT6 (Prop_lut6_I3_O)        0.124     7.343 r  g_in[2].g_fifo.u_q/m_tid[5]_INST_0_i_15/O
                         net (fo=3, routed)           0.702     8.045    g_in[2].g_fifo.u_q/m_tid[5]_INST_0_i_15_n_0
    SLICE_X42Y69         LUT5 (Prop_lut5_I0_O)        0.124     8.169 f  g_in[2].g_fifo.u_q/m_tid[5]_INST_0_i_5/O
                         net (fo=1, routed)           0.411     8.579    g_in[2].g_fifo.u_q/m_tid[5]_INST_0_i_5_n_0
    SLICE_X41Y70         LUT6 (Prop_lut6_I4_O)        0.124     8.703 r  g_in[2].g_fifo.u_q/m_tid[5]_INST_0/O
                         net (fo=54, routed)          0.472     9.175    g_in[2].g_fifo.u_q/cfg_dwrr[2]
    SLICE_X41Y71         LUT6 (Prop_lut6_I3_O)        0.124     9.299 f  g_in[2].g_fifo.u_q/out_busy[2]_i_2/O
                         net (fo=6, routed)           0.810    10.109    g_in[2].g_fifo.u_q/out_busy[2]_i_2_n_0
    SLICE_X39Y70         LUT4 (Prop_lut4_I2_O)        0.124    10.233 r  g_in[2].g_fifo.u_q/rp[4]_i_4/O
                         net (fo=1, routed)           0.948    11.181    g_in[0].g_fifo.u_q/rp_reg[0]_0
    SLICE_X37Y69         LUT6 (Prop_lut6_I1_O)        0.124    11.305 r  g_in[0].g_fifo.u_q/rp[4]_i_1__1/O
                         net (fo=5, routed)           0.336    11.641    g_in[2].g_fifo.u_q/rp_reg[0]_0
    SLICE_X35Y69         FDCE                                         r  g_in[2].g_fifo.u_q/rp_reg[4]/CE
  -------------------------------------------------------------------    -------------------

                         (clock clk rise edge)        4.000     4.000 r  
                                                      0.000     4.000 r  clk (IN)
                         net (fo=395, unset)          0.924     4.924    g_in[2].g_fifo.u_q/clk
    SLICE_X35Y69         FDCE                                         r  g_in[2].g_fifo.u_q/rp_reg[4]/C
                         clock pessimism              0.000     4.924    
                         clock uncertainty           -0.035     4.889    
    SLICE_X35Y69         FDCE (Setup_fdce_C_CE)      -0.205     4.684    g_in[2].g_fifo.u_q/rp_reg[4]
  -------------------------------------------------------------------
                         required time                          4.684    
                         arrival time                         -11.641    
  -------------------------------------------------------------------
                         slack                                 -6.957    

Slack (VIOLATED) :        -6.952ns  (required time - arrival time)
  Source:                 g_in[2].g_fifo.u_q/rp_reg[1]/C
                            (rising edge-triggered cell FDCE clocked by clk  {rise@0.000ns fall@2.000ns period=4.000ns})
  Destination:            g_in[2].g_fifo.u_q/rp_reg[0]/CE
                            (rising edge-triggered cell FDCE clocked by clk  {rise@0.000ns fall@2.000ns period=4.000ns})
  Path Group:             clk
  Path Type:              Setup (Max at Slow Process Corner)
  Requirement:            4.000ns  (clk rise@4.000ns - clk rise@0.000ns)
  Data Path Delay:        10.699ns  (logic 2.249ns (21.021%)  route 8.450ns (78.979%))
  Logic Levels:           11  (LUT4=1 LUT5=2 LUT6=7 RAMD32=1)
  Clock Path Skew:        -0.049ns (DCD - SCD + CPR)
    Destination Clock Delay (DCD):    0.924ns = ( 4.924 - 4.000 ) 
    Source Clock Delay      (SCD):    0.973ns
    Clock Pessimism Removal (CPR):    0.000ns
  Clock Uncertainty:      0.035ns  ((TSJ^2 + TIJ^2)^1/2 + DJ) / 2 + PE
    Total System Jitter     (TSJ):    0.071ns
    Total Input Jitter      (TIJ):    0.000ns
    Discrete Jitter          (DJ):    0.000ns
    Phase Error              (PE):    0.000ns

    Location             Delay type                Incr(ns)  Path(ns)    Netlist Resource(s)
  -------------------------------------------------------------------    -------------------
                         (clock clk rise edge)        0.000     0.000 r  
                                                      0.000     0.000 r  clk (IN)
                         net (fo=395, unset)          0.973     0.973    g_in[2].g_fifo.u_q/clk
    SLICE_X38Y68         FDCE                                         r  g_in[2].g_fifo.u_q/rp_reg[1]/C
  -------------------------------------------------------------------    -------------------
    SLICE_X38Y68         FDCE (Prop_fdce_C_Q)         0.478     1.451 r  g_in[2].g_fifo.u_q/rp_reg[1]/Q
                         net (fo=41, routed)          0.856     2.307    g_in[2].g_fifo.u_q/mem_reg_0_15_30_34/ADDRC1
    SLICE_X38Y69         RAMD32 (Prop_ramd32_RADR1_O)
                                                      0.324     2.631 f  g_in[2].g_fifo.u_q/mem_reg_0_15_30_34/RAMC/O
                         net (fo=10, routed)          0.732     3.363    g_in[2].g_fifo.u_q/g_in[2].g_fifo.h_dest[1]
    SLICE_X38Y68         LUT6 (Prop_lut6_I4_O)        0.331     3.694 f  g_in[2].g_fifo.u_q/m_tvalid[2]_INST_0_i_3/O
                         net (fo=4, routed)           0.749     4.443    g_in[2].g_fifo.u_q/m_tvalid[2]_INST_0_i_3_n_0
    SLICE_X43Y69         LUT5 (Prop_lut5_I1_O)        0.124     4.567 r  g_in[2].g_fifo.u_q/m_tid[5]_INST_0_i_40/O
                         net (fo=1, routed)           0.805     5.372    g_in[2].g_fifo.u_q/m_tid[5]_INST_0_i_40_n_0
    SLICE_X41Y69         LUT6 (Prop_lut6_I3_O)        0.124     5.496 r  g_in[2].g_fifo.u_q/m_tid[5]_INST_0_i_23/O
                         net (fo=48, routed)          0.860     6.356    g_in[2].g_fifo.u_q/m_tid[5]_INST_0_i_23_n_0
    SLICE_X44Y68         LUT6 (Prop_lut6_I4_O)        0.124     6.480 f  g_in[2].g_fifo.u_q/m_tid[5]_INST_0_i_29/O
                         net (fo=2, routed)           0.739     7.219    g_in[2].g_fifo.u_q/m_tid[5]_INST_0_i_29_n_0
    SLICE_X42Y69         LUT6 (Prop_lut6_I3_O)        0.124     7.343 r  g_in[2].g_fifo.u_q/m_tid[5]_INST_0_i_15/O
                         net (fo=3, routed)           0.702     8.045    g_in[2].g_fifo.u_q/m_tid[5]_INST_0_i_15_n_0
    SLICE_X42Y69         LUT5 (Prop_lut5_I0_O)        0.124     8.169 f  g_in[2].g_fifo.u_q/m_tid[5]_INST_0_i_5/O
                         net (fo=1, routed)           0.411     8.579    g_in[2].g_fifo.u_q/m_tid[5]_INST_0_i_5_n_0
    SLICE_X41Y70         LUT6 (Prop_lut6_I4_O)        0.124     8.703 r  g_in[2].g_fifo.u_q/m_tid[5]_INST_0/O
                         net (fo=54, routed)          0.472     9.175    g_in[2].g_fifo.u_q/cfg_dwrr[2]
    SLICE_X41Y71         LUT6 (Prop_lut6_I3_O)        0.124     9.299 f  g_in[2].g_fifo.u_q/out_busy[2]_i_2/O
                         net (fo=6, routed)           0.810    10.109    g_in[2].g_fifo.u_q/out_busy[2]_i_2_n_0
    SLICE_X39Y70         LUT4 (Prop_lut4_I2_O)        0.124    10.233 r  g_in[2].g_fifo.u_q/rp[4]_i_4/O
                         net (fo=1, routed)           0.948    11.181    g_in[0].g_fifo.u_q/rp_reg[0]_0
    SLICE_X37Y69         LUT6 (Prop_lut6_I1_O)        0.124    11.305 r  g_in[0].g_fifo.u_q/rp[4]_i_1__1/O
                         net (fo=5, routed)           0.367    11.672    g_in[2].g_fifo.u_q/rp_reg[0]_0
    SLICE_X38Y68         FDCE                                         r  g_in[2].g_fifo.u_q/rp_reg[0]/CE
  -------------------------------------------------------------------    -------------------

                         (clock clk rise edge)        4.000     4.000 r  
                                                      0.000     4.000 r  clk (IN)
                         net (fo=395, unset)          0.924     4.924    g_in[2].g_fifo.u_q/clk
    SLICE_X38Y68         FDCE                                         r  g_in[2].g_fifo.u_q/rp_reg[0]/C
                         clock pessimism              0.000     4.924    
                         clock uncertainty           -0.035     4.889    
    SLICE_X38Y68         FDCE (Setup_fdce_C_CE)      -0.169     4.720    g_in[2].g_fifo.u_q/rp_reg[0]
  -------------------------------------------------------------------
                         required time                          4.720    
                         arrival time                         -11.672    
  -------------------------------------------------------------------
                         slack                                 -6.952    

Slack (VIOLATED) :        -6.952ns  (required time - arrival time)
  Source:                 g_in[2].g_fifo.u_q/rp_reg[1]/C
                            (rising edge-triggered cell FDCE clocked by clk  {rise@0.000ns fall@2.000ns period=4.000ns})
  Destination:            g_in[2].g_fifo.u_q/rp_reg[1]/CE
                            (rising edge-triggered cell FDCE clocked by clk  {rise@0.000ns fall@2.000ns period=4.000ns})
  Path Group:             clk
  Path Type:              Setup (Max at Slow Process Corner)
  Requirement:            4.000ns  (clk rise@4.000ns - clk rise@0.000ns)
  Data Path Delay:        10.699ns  (logic 2.249ns (21.021%)  route 8.450ns (78.979%))
  Logic Levels:           11  (LUT4=1 LUT5=2 LUT6=7 RAMD32=1)
  Clock Path Skew:        -0.049ns (DCD - SCD + CPR)
    Destination Clock Delay (DCD):    0.924ns = ( 4.924 - 4.000 ) 
    Source Clock Delay      (SCD):    0.973ns
    Clock Pessimism Removal (CPR):    0.000ns
  Clock Uncertainty:      0.035ns  ((TSJ^2 + TIJ^2)^1/2 + DJ) / 2 + PE
    Total System Jitter     (TSJ):    0.071ns
    Total Input Jitter      (TIJ):    0.000ns
    Discrete Jitter          (DJ):    0.000ns
    Phase Error              (PE):    0.000ns

    Location             Delay type                Incr(ns)  Path(ns)    Netlist Resource(s)
  -------------------------------------------------------------------    -------------------
                         (clock clk rise edge)        0.000     0.000 r  
                                                      0.000     0.000 r  clk (IN)
                         net (fo=395, unset)          0.973     0.973    g_in[2].g_fifo.u_q/clk
    SLICE_X38Y68         FDCE                                         r  g_in[2].g_fifo.u_q/rp_reg[1]/C
  -------------------------------------------------------------------    -------------------
    SLICE_X38Y68         FDCE (Prop_fdce_C_Q)         0.478     1.451 r  g_in[2].g_fifo.u_q/rp_reg[1]/Q
                         net (fo=41, routed)          0.856     2.307    g_in[2].g_fifo.u_q/mem_reg_0_15_30_34/ADDRC1
    SLICE_X38Y69         RAMD32 (Prop_ramd32_RADR1_O)
                                                      0.324     2.631 f  g_in[2].g_fifo.u_q/mem_reg_0_15_30_34/RAMC/O
                         net (fo=10, routed)          0.732     3.363    g_in[2].g_fifo.u_q/g_in[2].g_fifo.h_dest[1]
    SLICE_X38Y68         LUT6 (Prop_lut6_I4_O)        0.331     3.694 f  g_in[2].g_fifo.u_q/m_tvalid[2]_INST_0_i_3/O
                         net (fo=4, routed)           0.749     4.443    g_in[2].g_fifo.u_q/m_tvalid[2]_INST_0_i_3_n_0
    SLICE_X43Y69         LUT5 (Prop_lut5_I1_O)        0.124     4.567 r  g_in[2].g_fifo.u_q/m_tid[5]_INST_0_i_40/O
                         net (fo=1, routed)           0.805     5.372    g_in[2].g_fifo.u_q/m_tid[5]_INST_0_i_40_n_0
    SLICE_X41Y69         LUT6 (Prop_lut6_I3_O)        0.124     5.496 r  g_in[2].g_fifo.u_q/m_tid[5]_INST_0_i_23/O
                         net (fo=48, routed)          0.860     6.356    g_in[2].g_fifo.u_q/m_tid[5]_INST_0_i_23_n_0
    SLICE_X44Y68         LUT6 (Prop_lut6_I4_O)        0.124     6.480 f  g_in[2].g_fifo.u_q/m_tid[5]_INST_0_i_29/O
                         net (fo=2, routed)           0.739     7.219    g_in[2].g_fifo.u_q/m_tid[5]_INST_0_i_29_n_0
    SLICE_X42Y69         LUT6 (Prop_lut6_I3_O)        0.124     7.343 r  g_in[2].g_fifo.u_q/m_tid[5]_INST_0_i_15/O
                         net (fo=3, routed)           0.702     8.045    g_in[2].g_fifo.u_q/m_tid[5]_INST_0_i_15_n_0
    SLICE_X42Y69         LUT5 (Prop_lut5_I0_O)        0.124     8.169 f  g_in[2].g_fifo.u_q/m_tid[5]_INST_0_i_5/O
                         net (fo=1, routed)           0.411     8.579    g_in[2].g_fifo.u_q/m_tid[5]_INST_0_i_5_n_0
    SLICE_X41Y70         LUT6 (Prop_lut6_I4_O)        0.124     8.703 r  g_in[2].g_fifo.u_q/m_tid[5]_INST_0/O
                         net (fo=54, routed)          0.472     9.175    g_in[2].g_fifo.u_q/cfg_dwrr[2]
    SLICE_X41Y71         LUT6 (Prop_lut6_I3_O)        0.124     9.299 f  g_in[2].g_fifo.u_q/out_busy[2]_i_2/O
                         net (fo=6, routed)           0.810    10.109    g_in[2].g_fifo.u_q/out_busy[2]_i_2_n_0
    SLICE_X39Y70         LUT4 (Prop_lut4_I2_O)        0.124    10.233 r  g_in[2].g_fifo.u_q/rp[4]_i_4/O
                         net (fo=1, routed)           0.948    11.181    g_in[0].g_fifo.u_q/rp_reg[0]_0
    SLICE_X37Y69         LUT6 (Prop_lut6_I1_O)        0.124    11.305 r  g_in[0].g_fifo.u_q/rp[4]_i_1__1/O
                         net (fo=5, routed)           0.367    11.672    g_in[2].g_fifo.u_q/rp_reg[0]_0
    SLICE_X38Y68         FDCE                                         r  g_in[2].g_fifo.u_q/rp_reg[1]/CE
  -------------------------------------------------------------------    -------------------

                         (clock clk rise edge)        4.000     4.000 r  
                                                      0.000     4.000 r  clk (IN)
                         net (fo=395, unset)          0.924     4.924    g_in[2].g_fifo.u_q/clk
    SLICE_X38Y68         FDCE                                         r  g_in[2].g_fifo.u_q/rp_reg[1]/C
                         clock pessimism              0.000     4.924    
                         clock uncertainty           -0.035     4.889    
    SLICE_X38Y68         FDCE (Setup_fdce_C_CE)      -0.169     4.720    g_in[2].g_fifo.u_q/rp_reg[1]
  -------------------------------------------------------------------
                         required time                          4.720    
                         arrival time                         -11.672    
  -------------------------------------------------------------------
                         slack                                 -6.952    





Min Delay Paths
--------------------------------------------------------------------------------------
Slack (MET) :             0.089ns  (arrival time - required time)
  Source:                 g_in[1].g_fifo.u_q/wp_reg[3]/C
                            (rising edge-triggered cell FDCE clocked by clk  {rise@0.000ns fall@2.000ns period=4.000ns})
  Destination:            g_in[1].g_fifo.u_q/mem_reg_0_15_30_34/RAMA/WADR3
                            (rising edge-triggered cell RAMD32 clocked by clk  {rise@0.000ns fall@2.000ns period=4.000ns})
  Path Group:             clk
  Path Type:              Hold (Min at Fast Process Corner)
  Requirement:            0.000ns  (clk rise@0.000ns - clk rise@0.000ns)
  Data Path Delay:        0.350ns  (logic 0.141ns (40.247%)  route 0.209ns (59.753%))
  Logic Levels:           0  
  Clock Path Skew:        0.022ns (DCD - SCD - CPR)
    Destination Clock Delay (DCD):    0.432ns
    Source Clock Delay      (SCD):    0.410ns
    Clock Pessimism Removal (CPR):    -0.000ns

    Location             Delay type                Incr(ns)  Path(ns)    Netlist Resource(s)
  -------------------------------------------------------------------    -------------------
                         (clock clk rise edge)        0.000     0.000 r  
                                                      0.000     0.000 r  clk (IN)
                         net (fo=395, unset)          0.410     0.410    g_in[1].g_fifo.u_q/clk
    SLICE_X35Y72         FDCE                                         r  g_in[1].g_fifo.u_q/wp_reg[3]/C
  -------------------------------------------------------------------    -------------------
    SLICE_X35Y72         FDCE (Prop_fdce_C_Q)         0.141     0.551 r  g_in[1].g_fifo.u_q/wp_reg[3]/Q
                         net (fo=53, routed)          0.209     0.760    g_in[1].g_fifo.u_q/mem_reg_0_15_30_34/ADDRD3
    SLICE_X34Y71         RAMD32                                       r  g_in[1].g_fifo.u_q/mem_reg_0_15_30_34/RAMA/WADR3
  -------------------------------------------------------------------    -------------------

                         (clock clk rise edge)        0.000     0.000 r  
                                                      0.000     0.000 r  clk (IN)
                         net (fo=395, unset)          0.432     0.432    g_in[1].g_fifo.u_q/mem_reg_0_15_30_34/WCLK
    SLICE_X34Y71         RAMD32                                       r  g_in[1].g_fifo.u_q/mem_reg_0_15_30_34/RAMA/CLK
                         clock pessimism              0.000     0.432    
    SLICE_X34Y71         RAMD32 (Hold_ramd32_CLK_WADR3)
                                                      0.240     0.672    g_in[1].g_fifo.u_q/mem_reg_0_15_30_34/RAMA
  -------------------------------------------------------------------
                         required time                         -0.672    
                         arrival time                           0.760    
  -------------------------------------------------------------------
                         slack                                  0.089    

Slack (MET) :             0.089ns  (arrival time - required time)
  Source:                 g_in[1].g_fifo.u_q/wp_reg[3]/C
                            (rising edge-triggered cell FDCE clocked by clk  {rise@0.000ns fall@2.000ns period=4.000ns})
  Destination:            g_in[1].g_fifo.u_q/mem_reg_0_15_30_34/RAMA_D1/WADR3
                            (rising edge-triggered cell RAMD32 clocked by clk  {rise@0.000ns fall@2.000ns period=4.000ns})
  Path Group:             clk
  Path Type:              Hold (Min at Fast Process Corner)
  Requirement:            0.000ns  (clk rise@0.000ns - clk rise@0.000ns)
  Data Path Delay:        0.350ns  (logic 0.141ns (40.247%)  route 0.209ns (59.753%))
  Logic Levels:           0  
  Clock Path Skew:        0.022ns (DCD - SCD - CPR)
    Destination Clock Delay (DCD):    0.432ns
    Source Clock Delay      (SCD):    0.410ns
    Clock Pessimism Removal (CPR):    -0.000ns

    Location             Delay type                Incr(ns)  Path(ns)    Netlist Resource(s)
  -------------------------------------------------------------------    -------------------
                         (clock clk rise edge)        0.000     0.000 r  
                                                      0.000     0.000 r  clk (IN)
                         net (fo=395, unset)          0.410     0.410    g_in[1].g_fifo.u_q/clk
    SLICE_X35Y72         FDCE                                         r  g_in[1].g_fifo.u_q/wp_reg[3]/C
  -------------------------------------------------------------------    -------------------
    SLICE_X35Y72         FDCE (Prop_fdce_C_Q)         0.141     0.551 r  g_in[1].g_fifo.u_q/wp_reg[3]/Q
                         net (fo=53, routed)          0.209     0.760    g_in[1].g_fifo.u_q/mem_reg_0_15_30_34/ADDRD3
    SLICE_X34Y71         RAMD32                                       r  g_in[1].g_fifo.u_q/mem_reg_0_15_30_34/RAMA_D1/WADR3
  -------------------------------------------------------------------    -------------------

                         (clock clk rise edge)        0.000     0.000 r  
                                                      0.000     0.000 r  clk (IN)
                         net (fo=395, unset)          0.432     0.432    g_in[1].g_fifo.u_q/mem_reg_0_15_30_34/WCLK
    SLICE_X34Y71         RAMD32                                       r  g_in[1].g_fifo.u_q/mem_reg_0_15_30_34/RAMA_D1/CLK
                         clock pessimism              0.000     0.432    
    SLICE_X34Y71         RAMD32 (Hold_ramd32_CLK_WADR3)
                                                      0.240     0.672    g_in[1].g_fifo.u_q/mem_reg_0_15_30_34/RAMA_D1
  -------------------------------------------------------------------
                         required time                         -0.672    
                         arrival time                           0.760    
  -------------------------------------------------------------------
                         slack                                  0.089    

Slack (MET) :             0.089ns  (arrival time - required time)
  Source:                 g_in[1].g_fifo.u_q/wp_reg[3]/C
                            (rising edge-triggered cell FDCE clocked by clk  {rise@0.000ns fall@2.000ns period=4.000ns})
  Destination:            g_in[1].g_fifo.u_q/mem_reg_0_15_30_34/RAMB/WADR3
                            (rising edge-triggered cell RAMD32 clocked by clk  {rise@0.000ns fall@2.000ns period=4.000ns})
  Path Group:             clk
  Path Type:              Hold (Min at Fast Process Corner)
  Requirement:            0.000ns  (clk rise@0.000ns - clk rise@0.000ns)
  Data Path Delay:        0.350ns  (logic 0.141ns (40.247%)  route 0.209ns (59.753%))
  Logic Levels:           0  
  Clock Path Skew:        0.022ns (DCD - SCD - CPR)
    Destination Clock Delay (DCD):    0.432ns
    Source Clock Delay      (SCD):    0.410ns
    Clock Pessimism Removal (CPR):    -0.000ns

    Location             Delay type                Incr(ns)  Path(ns)    Netlist Resource(s)
  -------------------------------------------------------------------    -------------------
                         (clock clk rise edge)        0.000     0.000 r  
                                                      0.000     0.000 r  clk (IN)
                         net (fo=395, unset)          0.410     0.410    g_in[1].g_fifo.u_q/clk
    SLICE_X35Y72         FDCE                                         r  g_in[1].g_fifo.u_q/wp_reg[3]/C
  -------------------------------------------------------------------    -------------------
    SLICE_X35Y72         FDCE (Prop_fdce_C_Q)         0.141     0.551 r  g_in[1].g_fifo.u_q/wp_reg[3]/Q
                         net (fo=53, routed)          0.209     0.760    g_in[1].g_fifo.u_q/mem_reg_0_15_30_34/ADDRD3
    SLICE_X34Y71         RAMD32                                       r  g_in[1].g_fifo.u_q/mem_reg_0_15_30_34/RAMB/WADR3
  -------------------------------------------------------------------    -------------------

                         (clock clk rise edge)        0.000     0.000 r  
                                                      0.000     0.000 r  clk (IN)
                         net (fo=395, unset)          0.432     0.432    g_in[1].g_fifo.u_q/mem_reg_0_15_30_34/WCLK
    SLICE_X34Y71         RAMD32                                       r  g_in[1].g_fifo.u_q/mem_reg_0_15_30_34/RAMB/CLK
                         clock pessimism              0.000     0.432    
    SLICE_X34Y71         RAMD32 (Hold_ramd32_CLK_WADR3)
                                                      0.240     0.672    g_in[1].g_fifo.u_q/mem_reg_0_15_30_34/RAMB
  -------------------------------------------------------------------
                         required time                         -0.672    
                         arrival time                           0.760    
  -------------------------------------------------------------------
                         slack                                  0.089    

Slack (MET) :             0.089ns  (arrival time - required time)
  Source:                 g_in[1].g_fifo.u_q/wp_reg[3]/C
                            (rising edge-triggered cell FDCE clocked by clk  {rise@0.000ns fall@2.000ns period=4.000ns})
  Destination:            g_in[1].g_fifo.u_q/mem_reg_0_15_30_34/RAMB_D1/WADR3
                            (rising edge-triggered cell RAMD32 clocked by clk  {rise@0.000ns fall@2.000ns period=4.000ns})
  Path Group:             clk
  Path Type:              Hold (Min at Fast Process Corner)
  Requirement:            0.000ns  (clk rise@0.000ns - clk rise@0.000ns)
  Data Path Delay:        0.350ns  (logic 0.141ns (40.247%)  route 0.209ns (59.753%))
  Logic Levels:           0  
  Clock Path Skew:        0.022ns (DCD - SCD - CPR)
    Destination Clock Delay (DCD):    0.432ns
    Source Clock Delay      (SCD):    0.410ns
    Clock Pessimism Removal (CPR):    -0.000ns

    Location             Delay type                Incr(ns)  Path(ns)    Netlist Resource(s)
  -------------------------------------------------------------------    -------------------
                         (clock clk rise edge)        0.000     0.000 r  
                                                      0.000     0.000 r  clk (IN)
                         net (fo=395, unset)          0.410     0.410    g_in[1].g_fifo.u_q/clk
    SLICE_X35Y72         FDCE                                         r  g_in[1].g_fifo.u_q/wp_reg[3]/C
  -------------------------------------------------------------------    -------------------
    SLICE_X35Y72         FDCE (Prop_fdce_C_Q)         0.141     0.551 r  g_in[1].g_fifo.u_q/wp_reg[3]/Q
                         net (fo=53, routed)          0.209     0.760    g_in[1].g_fifo.u_q/mem_reg_0_15_30_34/ADDRD3
    SLICE_X34Y71         RAMD32                                       r  g_in[1].g_fifo.u_q/mem_reg_0_15_30_34/RAMB_D1/WADR3
  -------------------------------------------------------------------    -------------------

                         (clock clk rise edge)        0.000     0.000 r  
                                                      0.000     0.000 r  clk (IN)
                         net (fo=395, unset)          0.432     0.432    g_in[1].g_fifo.u_q/mem_reg_0_15_30_34/WCLK
    SLICE_X34Y71         RAMD32                                       r  g_in[1].g_fifo.u_q/mem_reg_0_15_30_34/RAMB_D1/CLK
                         clock pessimism              0.000     0.432    
    SLICE_X34Y71         RAMD32 (Hold_ramd32_CLK_WADR3)
                                                      0.240     0.672    g_in[1].g_fifo.u_q/mem_reg_0_15_30_34/RAMB_D1
  -------------------------------------------------------------------
                         required time                         -0.672    
                         arrival time                           0.760    
  -------------------------------------------------------------------
                         slack                                  0.089    

Slack (MET) :             0.089ns  (arrival time - required time)
  Source:                 g_in[1].g_fifo.u_q/wp_reg[3]/C
                            (rising edge-triggered cell FDCE clocked by clk  {rise@0.000ns fall@2.000ns period=4.000ns})
  Destination:            g_in[1].g_fifo.u_q/mem_reg_0_15_30_34/RAMC/WADR3
                            (rising edge-triggered cell RAMD32 clocked by clk  {rise@0.000ns fall@2.000ns period=4.000ns})
  Path Group:             clk
  Path Type:              Hold (Min at Fast Process Corner)
  Requirement:            0.000ns  (clk rise@0.000ns - clk rise@0.000ns)
  Data Path Delay:        0.350ns  (logic 0.141ns (40.247%)  route 0.209ns (59.753%))
  Logic Levels:           0  
  Clock Path Skew:        0.022ns (DCD - SCD - CPR)
    Destination Clock Delay (DCD):    0.432ns
    Source Clock Delay      (SCD):    0.410ns
    Clock Pessimism Removal (CPR):    -0.000ns

    Location             Delay type                Incr(ns)  Path(ns)    Netlist Resource(s)
  -------------------------------------------------------------------    -------------------
                         (clock clk rise edge)        0.000     0.000 r  
                                                      0.000     0.000 r  clk (IN)
                         net (fo=395, unset)          0.410     0.410    g_in[1].g_fifo.u_q/clk
    SLICE_X35Y72         FDCE                                         r  g_in[1].g_fifo.u_q/wp_reg[3]/C
  -------------------------------------------------------------------    -------------------
    SLICE_X35Y72         FDCE (Prop_fdce_C_Q)         0.141     0.551 r  g_in[1].g_fifo.u_q/wp_reg[3]/Q
                         net (fo=53, routed)          0.209     0.760    g_in[1].g_fifo.u_q/mem_reg_0_15_30_34/ADDRD3
    SLICE_X34Y71         RAMD32                                       r  g_in[1].g_fifo.u_q/mem_reg_0_15_30_34/RAMC/WADR3
  -------------------------------------------------------------------    -------------------

                         (clock clk rise edge)        0.000     0.000 r  
                                                      0.000     0.000 r  clk (IN)
                         net (fo=395, unset)          0.432     0.432    g_in[1].g_fifo.u_q/mem_reg_0_15_30_34/WCLK
    SLICE_X34Y71         RAMD32                                       r  g_in[1].g_fifo.u_q/mem_reg_0_15_30_34/RAMC/CLK
                         clock pessimism              0.000     0.432    
    SLICE_X34Y71         RAMD32 (Hold_ramd32_CLK_WADR3)
                                                      0.240     0.672    g_in[1].g_fifo.u_q/mem_reg_0_15_30_34/RAMC
  -------------------------------------------------------------------
                         required time                         -0.672    
                         arrival time                           0.760    
  -------------------------------------------------------------------
                         slack                                  0.089    





Pulse Width Checks
--------------------------------------------------------------------------------------
Clock Name:         clk
Waveform(ns):       { 0.000 2.000 }
Period(ns):         4.000
Sources:            { clk }

Check Type        Corner  Lib Pin     Reference Pin  Required(ns)  Actual(ns)  Slack(ns)  Location      Pin
Min Period        n/a     FDCE/C      n/a            1.000         4.000       3.000      SLICE_X30Y69  credit_reg[0][0][0]/C
Min Period        n/a     FDCE/C      n/a            1.000         4.000       3.000      SLICE_X31Y69  credit_reg[0][0][1]/C
Min Period        n/a     FDCE/C      n/a            1.000         4.000       3.000      SLICE_X29Y70  credit_reg[0][0][2]/C
Min Period        n/a     FDCE/C      n/a            1.000         4.000       3.000      SLICE_X28Y69  credit_reg[0][0][3]/C
Min Period        n/a     FDCE/C      n/a            1.000         4.000       3.000      SLICE_X30Y70  credit_reg[0][0][4]/C
Low Pulse Width   Slow    RAMD32/CLK  n/a            1.250         2.000       0.750      SLICE_X46Y79  g_in[0].g_fifo.u_q/mem_reg_0_15_0_5/RAMA/CLK
Low Pulse Width   Fast    RAMD32/CLK  n/a            1.250         2.000       0.750      SLICE_X46Y79  g_in[0].g_fifo.u_q/mem_reg_0_15_0_5/RAMA/CLK
Low Pulse Width   Slow    RAMD32/CLK  n/a            1.250         2.000       0.750      SLICE_X46Y79  g_in[0].g_fifo.u_q/mem_reg_0_15_0_5/RAMA_D1/CLK
Low Pulse Width   Fast    RAMD32/CLK  n/a            1.250         2.000       0.750      SLICE_X46Y79  g_in[0].g_fifo.u_q/mem_reg_0_15_0_5/RAMA_D1/CLK
Low Pulse Width   Slow    RAMD32/CLK  n/a            1.250         2.000       0.750      SLICE_X46Y79  g_in[0].g_fifo.u_q/mem_reg_0_15_0_5/RAMB/CLK
High Pulse Width  Slow    RAMD32/CLK  n/a            1.250         2.000       0.750      SLICE_X46Y79  g_in[0].g_fifo.u_q/mem_reg_0_15_0_5/RAMA/CLK
High Pulse Width  Fast    RAMD32/CLK  n/a            1.250         2.000       0.750      SLICE_X46Y79  g_in[0].g_fifo.u_q/mem_reg_0_15_0_5/RAMA/CLK
High Pulse Width  Slow    RAMD32/CLK  n/a            1.250         2.000       0.750      SLICE_X46Y79  g_in[0].g_fifo.u_q/mem_reg_0_15_0_5/RAMA_D1/CLK
High Pulse Width  Fast    RAMD32/CLK  n/a            1.250         2.000       0.750      SLICE_X46Y79  g_in[0].g_fifo.u_q/mem_reg_0_15_0_5/RAMA_D1/CLK
High Pulse Width  Slow    RAMD32/CLK  n/a            1.250         2.000       0.750      SLICE_X46Y79  g_in[0].g_fifo.u_q/mem_reg_0_15_0_5/RAMB/CLK



