Copyright 1986-2021 Xilinx, Inc. All Rights Reserved.
--------------------------------------------------------------------------------------------------------------------------------------
| Tool Version : Vivado v.2021.1 (win64) Build 3247384 Thu Jun 10 19:36:33 MDT 2021
| Date         : Thu Oct  1 21:44:08 2026
| Host         : Vineet running 64-bit major release  (build 9200)
| Command      : report_timing -file E:/hw-projects/axis-crossbar-switch/syn/reports/vivado_n8_voq1_d4/critical_path.rpt -max_paths 1
| Design       : xb_switch
| Device       : 7a100t-csg324
| Speed File   : -1  PRODUCTION 1.23 2018-06-13
--------------------------------------------------------------------------------------------------------------------------------------

Timing Report

Slack (VIOLATED) :        -11.231ns  (required time - arrival time)
  Source:                 out_busy_reg[6]/C
                            (rising edge-triggered cell FDCE clocked by clk  {rise@0.000ns fall@2.000ns period=4.000ns})
  Destination:            g_in[7].g_voq.g_q[6].u_q/rp_reg[2]/D
                            (rising edge-triggered cell FDCE clocked by clk  {rise@0.000ns fall@2.000ns period=4.000ns})
  Path Group:             clk
  Path Type:              Setup (Max at Slow Process Corner)
  Requirement:            4.000ns  (clk rise@4.000ns - clk rise@0.000ns)
  Data Path Delay:        15.178ns  (logic 2.316ns (15.259%)  route 12.862ns (84.741%))
  Logic Levels:           15  (LUT4=3 LUT6=12)
  Clock Path Skew:        -0.049ns (DCD - SCD + CPR)
    Destination Clock Delay (DCD):    0.924ns = ( 4.924 - 4.000 ) 
    Source Clock Delay      (SCD):    0.973ns
    Clock Pessimism Removal (CPR):    0.000ns
  Clock Uncertainty:      0.035ns  ((TSJ^2 + TIJ^2)^1/2 + DJ) / 2 + PE
    Total System Jitter     (TSJ):    0.071ns
    Total Input Jitter      (TIJ):    0.000ns
    Discrete Jitter          (DJ):    0.000ns
    Phase Error              (PE):    0.000ns

    Location             Delay type                Incr(ns)  Path(ns)    Netlist Resource(s)
  -------------------------------------------------------------------    -------------------
                         (clock clk rise edge)        0.000     0.000 r  
                                                      0.000     0.000 r  clk (IN)
                         net (fo=4087, unset)         0.973     0.973    clk
    SLICE_X33Y161        FDCE                                         r  out_busy_reg[6]/C
  -------------------------------------------------------------------    -------------------
    SLICE_X33Y161        FDCE (Prop_fdce_C_Q)         0.456     1.429 r  out_busy_reg[6]/Q
                         net (fo=99, routed)          1.020     2.449    g_in[2].g_voq.g_q[6].u_q/m_tid[1]_INST_0_i_41[6]
    SLICE_X37Y161        LUT4 (Prop_lut4_I0_O)        0.124     2.573 r  g_in[2].g_voq.g_q[6].u_q/m_tvalid[0]_INST_0_i_43/O
                         net (fo=1, routed)           0.505     3.078    g_in[2].g_voq.g_q[6].u_q/m_tvalid[0]_INST_0_i_43_n_0
    SLICE_X36Y161        LUT6 (Prop_lut6_I0_O)        0.124     3.202 r  g_in[2].g_voq.g_q[6].u_q/m_tvalid[0]_INST_0_i_36/O
                         net (fo=17, routed)          1.172     4.375    g_in[1].g_voq.g_q[0].u_q/credit[0][2][7]_i_11
    SLICE_X26Y158        LUT6 (Prop_lut6_I0_O)        0.124     4.499 f  g_in[1].g_voq.g_q[0].u_q/m_tvalid[0]_INST_0_i_28/O
                         net (fo=4, routed)           0.824     5.323    g_in[0].g_voq.g_q[0].u_q/credit[0][4][3]_i_6_1
    SLICE_X22Y156        LUT6 (Prop_lut6_I4_O)        0.124     5.447 r  g_in[0].g_voq.g_q[0].u_q/credit[0][2][7]_i_11/O
                         net (fo=29, routed)          0.871     6.317    g_in[6].g_voq.g_q[0].u_q/m_tid[1]_INST_0_i_108_0
    SLICE_X23Y156        LUT6 (Prop_lut6_I2_O)        0.124     6.441 r  g_in[6].g_voq.g_q[0].u_q/m_tid[1]_INST_0_i_66/O
                         net (fo=129, routed)         0.981     7.422    g_in[6].g_voq.g_q[0].u_q/out_busy_reg[0]
    SLICE_X31Y151        LUT4 (Prop_lut4_I1_O)        0.124     7.546 f  g_in[6].g_voq.g_q[0].u_q/m_tid[1]_INST_0_i_59/O
                         net (fo=4, routed)           1.027     8.574    g_in[6].g_voq.g_q[0].u_q/m_tid[1]_INST_0_i_59_n_0
    SLICE_X26Y154        LUT6 (Prop_lut6_I4_O)        0.124     8.698 r  g_in[6].g_voq.g_q[0].u_q/m_tid[1]_INST_0_i_42/O
                         net (fo=2, routed)           0.571     9.268    g_in[6].g_voq.g_q[0].u_q/m_tid[1]_INST_0_i_42_n_0
    SLICE_X26Y156        LUT6 (Prop_lut6_I5_O)        0.124     9.392 f  g_in[6].g_voq.g_q[0].u_q/m_tid[1]_INST_0_i_14/O
                         net (fo=12, routed)          0.778    10.170    g_in[6].g_voq.g_q[0].u_q/m_tid[1]_INST_0_i_14_n_0
    SLICE_X24Y158        LUT6 (Prop_lut6_I4_O)        0.124    10.294 f  g_in[6].g_voq.g_q[0].u_q/m_tid[1]_INST_0_i_2/O
                         net (fo=12, routed)          1.320    11.614    g_in[5].g_voq.g_q[4].u_q/m_tdata[223]_INST_0_i_6_0
    SLICE_X32Y164        LUT6 (Prop_lut6_I2_O)        0.124    11.738 f  g_in[5].g_voq.g_q[4].u_q/m_tdata[223]_INST_0_i_12/O
                         net (fo=2, routed)           0.954    12.692    g_in[4].g_voq.g_q[6].u_q/aptr_reg[2][2]_0
    SLICE_X26Y165        LUT6 (Prop_lut6_I0_O)        0.124    12.816 r  g_in[4].g_voq.g_q[6].u_q/m_tdata[223]_INST_0_i_6/O
                         net (fo=5, routed)           0.839    13.655    g_in[5].g_voq.g_q[4].u_q/out_src_reg[6][1]
    SLICE_X27Y165        LUT6 (Prop_lut6_I0_O)        0.124    13.779 r  g_in[5].g_voq.g_q[4].u_q/m_tdata[223]_INST_0_i_4/O
                         net (fo=61, routed)          0.571    14.350    g_in[4].g_voq.g_q[6].u_q/rp_reg[2]_0
    SLICE_X26Y164        LUT6 (Prop_lut6_I2_O)        0.124    14.474 r  g_in[4].g_voq.g_q[6].u_q/m_tvalid[6]_INST_0_i_2/O
                         net (fo=3, routed)           0.842    15.316    g_in[4].g_voq.g_q[5].u_q/m_tvalid[6]_1
    SLICE_X26Y164        LUT4 (Prop_lut4_I1_O)        0.124    15.440 r  g_in[4].g_voq.g_q[5].u_q/rp[2]_i_2__9/O
                         net (fo=12, routed)          0.587    16.027    g_in[7].g_voq.g_q[6].u_q/rp_reg[2]_2
    SLICE_X26Y163        LUT6 (Prop_lut6_I4_O)        0.124    16.151 r  g_in[7].g_voq.g_q[6].u_q/rp[2]_i_1__27/O
                         net (fo=1, routed)           0.000    16.151    g_in[7].g_voq.g_q[6].u_q/rp[2]_i_1__27_n_0
    SLICE_X26Y163        FDCE                                         r  g_in[7].g_voq.g_q[6].u_q/rp_reg[2]/D
  -------------------------------------------------------------------    -------------------

                         (clock clk rise edge)        4.000     4.000 r  
                                                      0.000     4.000 r  clk (IN)
                         net (fo=4087, unset)         0.924     4.924    g_in[7].g_voq.g_q[6].u_q/clk
    SLICE_X26Y163        FDCE                                         r  g_in[7].g_voq.g_q[6].u_q/rp_reg[2]/C
                         clock pessimism              0.000     4.924    
                         clock uncertainty           -0.035     4.889    
    SLICE_X26Y163        FDCE (Setup_fdce_C_D)        0.031     4.920    g_in[7].g_voq.g_q[6].u_q/rp_reg[2]
  -------------------------------------------------------------------
                         required time                          4.920    
                         arrival time                         -16.151    
  -------------------------------------------------------------------
                         slack                                -11.231    




